00:37:44.369 [main] INFO org.springframework.test.context.support.AnnotationConfigContextLoaderUtils -- Could not detect default configuration classes for test class [com.pulsepass.pulsepass.PersistenceIntegrationTest]: PersistenceIntegrationTest does not declare any static, non-private, non-final, nested classes annotated with @Configuration.
00:37:44.741 [main] INFO org.springframework.boot.test.context.SpringBootTestContextBootstrapper -- Found @SpringBootConfiguration com.pulsepass.pulsepass.PulsepassApplication for test class com.pulsepass.pulsepass.PersistenceIntegrationTest
00:37:44.934 [main] INFO org.springframework.test.context.support.AnnotationConfigContextLoaderUtils -- Could not detect default configuration classes for test class [com.pulsepass.pulsepass.PersistenceIntegrationTest]: PersistenceIntegrationTest does not declare any static, non-private, non-final, nested classes annotated with @Configuration.
00:37:44.944 [main] INFO org.springframework.boot.test.context.SpringBootTestContextBootstrapper -- Found @SpringBootConfiguration com.pulsepass.pulsepass.PulsepassApplication for test class com.pulsepass.pulsepass.PersistenceIntegrationTest

  .   ____          _            __ _ _
 /\\ / ___'_ __ _ _(_)_ __  __ _ \ \ \ \
( ( )\___ | '_ | '_| | '_ \/ _` | \ \ \ \
 \\/  ___)| |_)| | | | | || (_| |  ) ) ) )
  '  |____| .__|_| |_|_| |_\__, | / / / /
 =========|_|==============|___/=/_/_/_/

 :: Spring Boot ::                (v4.1.1)

2026-09-21T00:37:46.093-05:00  INFO 26192 --- [pulsepass] [           main] c.p.p.PersistenceIntegrationTest         : Starting PersistenceIntegrationTest using Java 21.0.12.1 with PID 26192 (started by mendo in C:\Users\mendo\OneDrive\Documentos\UniMagdalena Diego.M\5to semestre\Programacion Web\pulsepass)
2026-09-21T00:37:46.094-05:00  INFO 26192 --- [pulsepass] [           main] c.p.p.PersistenceIntegrationTest         : No active profile set, falling back to 1 default profile: "default"
2026-09-21T00:37:47.254-05:00  INFO 26192 --- [pulsepass] [           main] .s.d.r.c.RepositoryConfigurationDelegate : Bootstrapping Spring Data JPA repositories in DEFAULT mode.
2026-09-21T00:37:47.422-05:00  INFO 26192 --- [pulsepass] [           main] .s.d.r.c.RepositoryConfigurationDelegate : Finished Spring Data repository scanning in 141 ms. Found 5 JPA repository interfaces.
2026-09-21T00:37:48.167-05:00  INFO 26192 --- [pulsepass] [           main] org.testcontainers.images.PullPolicy     : Image pull policy will be performed by: DefaultPullPolicy()
2026-09-21T00:37:48.174-05:00  INFO 26192 --- [pulsepass] [           main] o.t.utility.ImageNameSubstitutor         : Image name substitution will be performed by: DefaultImageNameSubstitutor (composite of 'ConfigurationFileImageNameSubstitutor' and 'PrefixingImageNameSubstitutor')
2026-09-21T00:37:48.245-05:00  INFO 26192 --- [pulsepass] [           main] org.testcontainers.DockerClientFactory   : Testcontainers version: 2.0.5
2026-09-21T00:37:48.828-05:00  INFO 26192 --- [pulsepass] [           main] o.t.d.DockerClientProviderStrategy       : Loaded org.testcontainers.dockerclient.NpipeSocketClientProviderStrategy from ~/.testcontainers.properties, will try it first
2026-09-21T00:38:00.557-05:00  INFO 26192 --- [pulsepass] [           main] o.t.d.DockerClientProviderStrategy       : Found Docker environment with local Npipe socket (npipe:////./pipe/docker_engine)
2026-09-21T00:38:00.561-05:00  INFO 26192 --- [pulsepass] [           main] org.testcontainers.DockerClientFactory   : Docker host IP address is localhost
2026-09-21T00:38:00.636-05:00  INFO 26192 --- [pulsepass] [           main] org.testcontainers.DockerClientFactory   : Connected to docker: 
  Server Version: 29.7.2
  API Version: 1.55
  Operating System: Docker Desktop
  Total Memory: 7575 MB
  Labels: 
    com.docker.desktop.address=npipe://\\.\pipe\docker_cli
2026-09-21T00:38:01.041-05:00  INFO 26192 --- [pulsepass] [           main] tc.testcontainers/ryuk:0.14.0            : Creating container for image: testcontainers/ryuk:0.14.0
2026-09-21T00:38:01.730-05:00  INFO 26192 --- [pulsepass] [           main] tc.testcontainers/ryuk:0.14.0            : Container testcontainers/ryuk:0.14.0 is starting: 9743b154c058c2bdce213453d2eec1c84ecdfbf311d4992d74aa6da320eca25d
2026-09-21T00:38:02.746-05:00  INFO 26192 --- [pulsepass] [           main] tc.testcontainers/ryuk:0.14.0            : Container testcontainers/ryuk:0.14.0 started in PT1.7050888S
2026-09-21T00:38:02.768-05:00  INFO 26192 --- [pulsepass] [           main] o.t.utility.RyukResourceReaper           : Ryuk started - will monitor and terminate Testcontainers containers on JVM exit
2026-09-21T00:38:02.769-05:00  INFO 26192 --- [pulsepass] [           main] org.testcontainers.DockerClientFactory   : Checking the system...
2026-09-21T00:38:02.771-05:00  INFO 26192 --- [pulsepass] [           main] org.testcontainers.DockerClientFactory   : ?? Docker server version should be at least 1.6.0
2026-09-21T00:38:02.773-05:00  INFO 26192 --- [pulsepass] [           main] tc.postgres:latest                       : Creating container for image: postgres:latest
2026-09-21T00:38:03.061-05:00  INFO 26192 --- [pulsepass] [           main] tc.postgres:latest                       : Container postgres:latest is starting: 2eda60b5cef46a818cb2d255855166e055358ae283a3c4b29e98118068524459
2026-09-21T00:38:06.978-05:00  INFO 26192 --- [pulsepass] [           main] tc.postgres:latest                       : Container postgres:latest started in PT4.2057169S
2026-09-21T00:38:06.980-05:00  INFO 26192 --- [pulsepass] [           main] tc.postgres:latest                       : Container is started (JDBC URL: jdbc:postgresql://localhost:52582/test?loggerLevel=OFF)
2026-09-21T00:38:08.717-05:00  INFO 26192 --- [pulsepass] [           main] org.flywaydb.core.FlywayExecutor         : Database: jdbc:postgresql://localhost:52582/test?loggerLevel=OFF (PostgreSQL 18.6)
2026-09-21T00:38:08.888-05:00  INFO 26192 --- [pulsepass] [           main] o.f.c.i.s.JdbcTableSchemaHistory         : Schema history table "public"."flyway_schema_history" does not exist yet
2026-09-21T00:38:08.898-05:00  INFO 26192 --- [pulsepass] [           main] o.f.core.internal.command.DbValidate     : Successfully validated 3 migrations (execution time 00:00.048s)
2026-09-21T00:38:08.931-05:00  INFO 26192 --- [pulsepass] [           main] org.flywaydb.core.Flyway                 : All configured schemas are empty; a baseline marker will not be added to Flyway's schema history table. A baseline or migration script with a lower version than the baseline version may execute if available. Check the Schemas parameter if this is not intended. See https://help.red-gate.com/help/flyway-cli12/help_4.aspx?topic=baseline-on-migrate for more info
2026-09-21T00:38:08.947-05:00  INFO 26192 --- [pulsepass] [           main] o.f.c.i.s.JdbcTableSchemaHistory         : Creating Schema History table "public"."flyway_schema_history" ...
2026-09-21T00:38:09.102-05:00  INFO 26192 --- [pulsepass] [           main] o.f.core.internal.command.DbMigrate      : Current version of schema "public": << Empty Schema >>
2026-09-21T00:38:09.141-05:00  INFO 26192 --- [pulsepass] [           main] o.f.core.internal.command.DbMigrate      : Migrating schema "public" to version "1 - create schema"
2026-09-21T00:38:09.277-05:00  INFO 26192 --- [pulsepass] [           main] o.f.core.internal.command.DbMigrate      : Migrating schema "public" to version "2 - insert initial artists"
2026-09-21T00:38:09.328-05:00  INFO 26192 --- [pulsepass] [           main] o.f.core.internal.command.DbMigrate      : Migrating schema "public" to version "3 - add streaming url to event"
2026-09-21T00:38:09.383-05:00  INFO 26192 --- [pulsepass] [           main] o.f.core.internal.command.DbMigrate      : Successfully applied 3 migrations to schema "public", now at version v3 (execution time 00:00.117s)
2026-09-21T00:38:09.660-05:00  INFO 26192 --- [pulsepass] [           main] org.hibernate.orm.jpa                    : HHH008540: Processing PersistenceUnitInfo [name: default]
2026-09-21T00:38:09.830-05:00  INFO 26192 --- [pulsepass] [           main] org.hibernate.orm.core                   : HHH000001: Hibernate ORM core version 7.4.5.Final
2026-09-21T00:38:11.044-05:00  INFO 26192 --- [pulsepass] [           main] o.s.o.j.p.SpringPersistenceUnitInfo      : No LoadTimeWeaver setup: ignoring JPA class transformer
2026-09-21T00:38:11.118-05:00  INFO 26192 --- [pulsepass] [           main] com.zaxxer.hikari.HikariDataSource       : HikariPool-1 - Starting...
2026-09-21T00:38:11.183-05:00  INFO 26192 --- [pulsepass] [           main] com.zaxxer.hikari.pool.HikariPool        : HikariPool-1 - Added connection org.postgresql.jdbc.PgConnection@3a36da5e
2026-09-21T00:38:11.188-05:00  INFO 26192 --- [pulsepass] [           main] com.zaxxer.hikari.HikariDataSource       : HikariPool-1 - Start completed.
2026-09-21T00:38:11.260-05:00  WARN 26192 --- [pulsepass] [           main] org.hibernate.orm.deprecation            : HHH90000025: PostgreSQLDialect does not need to be specified explicitly using 'hibernate.dialect' (remove the property setting and it will be selected by default)
2026-09-21T00:38:11.325-05:00  INFO 26192 --- [pulsepass] [           main] org.hibernate.orm.connections.pooling    : HHH10001005: Database info:
	Database JDBC URL [jdbc:postgresql://localhost:52582/test?loggerLevel=OFF]
	Database driver: PostgreSQL JDBC Driver
	Database dialect: PostgreSQLDialect
	Database version: 18.6
	Default catalog/schema: test/public
	Autocommit mode: undefined/unknown
	Isolation level: READ_COMMITTED [default READ_COMMITTED]
	JDBC fetch size: none
	Pool: DataSourceConnectionProvider
	Minimum pool size: undefined/unknown
	Maximum pool size: undefined/unknown
2026-09-21T00:38:13.905-05:00  INFO 26192 --- [pulsepass] [           main] org.hibernate.orm.core                   : HHH000489: No JTA platform available (set 'hibernate.transaction.jta.platform' to enable JTA platform integration)
2026-09-21T00:38:14.019-05:00  INFO 26192 --- [pulsepass] [           main] j.LocalContainerEntityManagerFactoryBean : Initialized JPA EntityManagerFactory for persistence unit 'default'
2026-09-21T00:38:14.321-05:00  INFO 26192 --- [pulsepass] [           main] o.s.d.j.r.query.QueryEnhancerFactories   : Hibernate is in classpath; If applicable, HQL parser will be used.
2026-09-21T00:38:16.886-05:00  INFO 26192 --- [pulsepass] [           main] c.p.p.PersistenceIntegrationTest         : Started PersistenceIntegrationTest in 31.791 seconds (process running for 35.758)
Mockito is currently self-attaching to enable the inline-mock-maker. This will no longer work in future releases of the JDK. Please add Mockito as an agent to your build as described in Mockito's documentation: https://javadoc.io/doc/org.mockito/mockito-core/latest/org.mockito/org/mockito/Mockito.html#0.3
WARNING: A Java agent has been loaded dynamically (C:\Users\mendo\.m2\repository\net\bytebuddy\byte-buddy-agent\1.18.11\byte-buddy-agent-1.18.11.jar)
WARNING: If a serviceability tool is in use, please run with -XX:+EnableDynamicAgentLoading to hide this warning
WARNING: If a serviceability tool is not in use, please run with -Djdk.instrument.traceUsage for more information
WARNING: Dynamic loading of agents will be disallowed by default in a future release
Java HotSpot(TM) 64-Bit Server VM warning: Sharing is only supported for boot loader classes because bootstrap classpath has been appended
2026-09-21T00:38:18.709-05:00  INFO 26192 --- [pulsepass] [           main] t.c.s.AnnotationConfigContextLoaderUtils : Could not detect default configuration classes for test class [com.pulsepass.pulsepass.PulsepassApplicationTests]: PulsepassApplicationTests does not declare any static, non-private, non-final, nested classes annotated with @Configuration.
2026-09-21T00:38:18.729-05:00  INFO 26192 --- [pulsepass] [           main] .b.t.c.SpringBootTestContextBootstrapper : Found @SpringBootConfiguration com.pulsepass.pulsepass.PulsepassApplication for test class com.pulsepass.pulsepass.PulsepassApplicationTests
2026-09-21T00:38:18.733-05:00  INFO 26192 --- [pulsepass] [           main] t.c.s.AnnotationConfigContextLoaderUtils : Could not detect default configuration classes for test class [com.pulsepass.pulsepass.PulsepassApplicationTests]: PulsepassApplicationTests does not declare any static, non-private, non-final, nested classes annotated with @Configuration.
2026-09-21T00:38:18.748-05:00  INFO 26192 --- [pulsepass] [           main] .b.t.c.SpringBootTestContextBootstrapper : Found @SpringBootConfiguration com.pulsepass.pulsepass.PulsepassApplication for test class com.pulsepass.pulsepass.PulsepassApplicationTests
2026-09-21T00:38:18.794-05:00  INFO 26192 --- [pulsepass] [           main] t.c.s.AnnotationConfigContextLoaderUtils : Could not detect default configuration classes for test class [com.pulsepass.pulsepass.PulsepassDomainModelTest]: PulsepassDomainModelTest does not declare any static, non-private, non-final, nested classes annotated with @Configuration.
2026-09-21T00:38:18.825-05:00  INFO 26192 --- [pulsepass] [           main] .b.t.c.SpringBootTestContextBootstrapper : Found @SpringBootConfiguration com.pulsepass.pulsepass.PulsepassApplication for test class com.pulsepass.pulsepass.PulsepassDomainModelTest
2026-09-21T00:38:18.835-05:00  INFO 26192 --- [pulsepass] [           main] t.c.s.AnnotationConfigContextLoaderUtils : Could not detect default configuration classes for test class [com.pulsepass.pulsepass.PulsepassDomainModelTest]: PulsepassDomainModelTest does not declare any static, non-private, non-final, nested classes annotated with @Configuration.
2026-09-21T00:38:18.858-05:00  INFO 26192 --- [pulsepass] [           main] .b.t.c.SpringBootTestContextBootstrapper : Found @SpringBootConfiguration com.pulsepass.pulsepass.PulsepassApplication for test class com.pulsepass.pulsepass.PulsepassDomainModelTest
