22:41:37.438 [main] INFO org.springframework.test.context.support.AnnotationConfigContextLoaderUtils -- Could not detect default configuration classes for test class [com.pulsepass.pulsepass.PersistenceIntegrationTest]: PersistenceIntegrationTest does not declare any static, non-private, non-final, nested classes annotated with @Configuration.
22:41:37.702 [main] INFO org.springframework.boot.test.context.SpringBootTestContextBootstrapper -- Found @SpringBootConfiguration com.pulsepass.pulsepass.PulsepassApplication for test class com.pulsepass.pulsepass.PersistenceIntegrationTest
22:41:37.885 [main] INFO org.springframework.test.context.support.AnnotationConfigContextLoaderUtils -- Could not detect default configuration classes for test class [com.pulsepass.pulsepass.PersistenceIntegrationTest]: PersistenceIntegrationTest does not declare any static, non-private, non-final, nested classes annotated with @Configuration.
22:41:37.901 [main] INFO org.springframework.boot.test.context.SpringBootTestContextBootstrapper -- Found @SpringBootConfiguration com.pulsepass.pulsepass.PulsepassApplication for test class com.pulsepass.pulsepass.PersistenceIntegrationTest

  .   ____          _            __ _ _
 /\\ / ___'_ __ _ _(_)_ __  __ _ \ \ \ \
( ( )\___ | '_ | '_| | '_ \/ _` | \ \ \ \
 \\/  ___)| |_)| | | | | || (_| |  ) ) ) )
  '  |____| .__|_| |_|_| |_\__, | / / / /
 =========|_|==============|___/=/_/_/_/

 :: Spring Boot ::                (v4.1.1)

2026-09-20T22:41:38.664-05:00  INFO 20320 --- [pulsepass] [           main] c.p.p.PersistenceIntegrationTest         : Starting PersistenceIntegrationTest using Java 21.0.12.1 with PID 20320 (started by mendo in C:\Users\mendo\OneDrive\Documentos\UniMagdalena Diego.M\5to semestre\Programacion Web\pulsepass)
2026-09-20T22:41:38.672-05:00  INFO 20320 --- [pulsepass] [           main] c.p.p.PersistenceIntegrationTest         : No active profile set, falling back to 1 default profile: "default"
2026-09-20T22:41:39.618-05:00  INFO 20320 --- [pulsepass] [           main] .s.d.r.c.RepositoryConfigurationDelegate : Bootstrapping Spring Data JPA repositories in DEFAULT mode.
2026-09-20T22:41:39.784-05:00  INFO 20320 --- [pulsepass] [           main] .s.d.r.c.RepositoryConfigurationDelegate : Finished Spring Data repository scanning in 142 ms. Found 5 JPA repository interfaces.
2026-09-20T22:41:40.534-05:00  INFO 20320 --- [pulsepass] [           main] org.testcontainers.images.PullPolicy     : Image pull policy will be performed by: DefaultPullPolicy()
2026-09-20T22:41:40.540-05:00  INFO 20320 --- [pulsepass] [           main] o.t.utility.ImageNameSubstitutor         : Image name substitution will be performed by: DefaultImageNameSubstitutor (composite of 'ConfigurationFileImageNameSubstitutor' and 'PrefixingImageNameSubstitutor')
2026-09-20T22:41:40.632-05:00  INFO 20320 --- [pulsepass] [           main] org.testcontainers.DockerClientFactory   : Testcontainers version: 2.0.5
2026-09-20T22:41:41.206-05:00  INFO 20320 --- [pulsepass] [           main] o.t.d.DockerClientProviderStrategy       : Loaded org.testcontainers.dockerclient.NpipeSocketClientProviderStrategy from ~/.testcontainers.properties, will try it first
2026-09-20T22:41:42.040-05:00  INFO 20320 --- [pulsepass] [           main] o.t.d.DockerClientProviderStrategy       : Found Docker environment with local Npipe socket (npipe:////./pipe/docker_engine)
2026-09-20T22:41:42.044-05:00  INFO 20320 --- [pulsepass] [           main] org.testcontainers.DockerClientFactory   : Docker host IP address is localhost
2026-09-20T22:41:42.086-05:00  INFO 20320 --- [pulsepass] [           main] org.testcontainers.DockerClientFactory   : Connected to docker: 
  Server Version: 29.7.2
  API Version: 1.55
  Operating System: Docker Desktop
  Total Memory: 7575 MB
  Labels: 
    com.docker.desktop.address=npipe://\\.\pipe\docker_cli
2026-09-20T22:41:42.366-05:00  INFO 20320 --- [pulsepass] [           main] tc.testcontainers/ryuk:0.14.0            : Creating container for image: testcontainers/ryuk:0.14.0
2026-09-20T22:41:43.025-05:00  INFO 20320 --- [pulsepass] [           main] tc.testcontainers/ryuk:0.14.0            : Container testcontainers/ryuk:0.14.0 is starting: 7d9ff004a7de8f8c6949b872bf49e9db7df6ff77f9f6d9206d3bb4ec4b633adb
2026-09-20T22:41:43.886-05:00  INFO 20320 --- [pulsepass] [           main] tc.testcontainers/ryuk:0.14.0            : Container testcontainers/ryuk:0.14.0 started in PT1.518857S
2026-09-20T22:41:43.903-05:00  INFO 20320 --- [pulsepass] [           main] o.t.utility.RyukResourceReaper           : Ryuk started - will monitor and terminate Testcontainers containers on JVM exit
2026-09-20T22:41:43.904-05:00  INFO 20320 --- [pulsepass] [           main] org.testcontainers.DockerClientFactory   : Checking the system...
2026-09-20T22:41:43.906-05:00  INFO 20320 --- [pulsepass] [           main] org.testcontainers.DockerClientFactory   : ?? Docker server version should be at least 1.6.0
2026-09-20T22:41:43.908-05:00  INFO 20320 --- [pulsepass] [           main] tc.postgres:latest                       : Creating container for image: postgres:latest
2026-09-20T22:41:44.150-05:00  INFO 20320 --- [pulsepass] [           main] tc.postgres:latest                       : Container postgres:latest is starting: db0c96dd4ac3339995253c1cfe1be2a5a0d195bdaf06168a74b7f2b0fe4cc2e0
2026-09-20T22:41:46.986-05:00  INFO 20320 --- [pulsepass] [           main] tc.postgres:latest                       : Container postgres:latest started in PT3.078021S
2026-09-20T22:41:46.988-05:00  INFO 20320 --- [pulsepass] [           main] tc.postgres:latest                       : Container is started (JDBC URL: jdbc:postgresql://localhost:54572/test?loggerLevel=OFF)
2026-09-20T22:41:48.415-05:00  INFO 20320 --- [pulsepass] [           main] org.flywaydb.core.FlywayExecutor         : Database: jdbc:postgresql://localhost:54572/test?loggerLevel=OFF (PostgreSQL 18.6)
2026-09-20T22:41:48.579-05:00  INFO 20320 --- [pulsepass] [           main] o.f.c.i.s.JdbcTableSchemaHistory         : Schema history table "public"."flyway_schema_history" does not exist yet
2026-09-20T22:41:48.587-05:00  INFO 20320 --- [pulsepass] [           main] o.f.core.internal.command.DbValidate     : Successfully validated 3 migrations (execution time 00:00.042s)
2026-09-20T22:41:48.631-05:00  INFO 20320 --- [pulsepass] [           main] o.f.c.i.s.JdbcTableSchemaHistory         : Creating Schema History table "public"."flyway_schema_history" ...
2026-09-20T22:41:48.772-05:00  INFO 20320 --- [pulsepass] [           main] o.f.core.internal.command.DbMigrate      : Current version of schema "public": << Empty Schema >>
2026-09-20T22:41:48.807-05:00  INFO 20320 --- [pulsepass] [           main] o.f.core.internal.command.DbMigrate      : Migrating schema "public" to version "1 - create schema"
2026-09-20T22:41:48.938-05:00  INFO 20320 --- [pulsepass] [           main] o.f.core.internal.command.DbMigrate      : Migrating schema "public" to version "2 - insert initial artists"
2026-09-20T22:41:48.987-05:00  INFO 20320 --- [pulsepass] [           main] o.f.core.internal.command.DbMigrate      : Migrating schema "public" to version "3 - add streaming url to event"
2026-09-20T22:41:49.034-05:00  INFO 20320 --- [pulsepass] [           main] o.f.core.internal.command.DbMigrate      : Successfully applied 3 migrations to schema "public", now at version v3 (execution time 00:00.113s)
2026-09-20T22:41:49.213-05:00  INFO 20320 --- [pulsepass] [           main] com.zaxxer.hikari.HikariDataSource       : HikariPool-1 - Starting...
2026-09-20T22:41:49.264-05:00  INFO 20320 --- [pulsepass] [           main] com.zaxxer.hikari.pool.HikariPool        : HikariPool-1 - Added connection org.postgresql.jdbc.PgConnection@1fd0ae78
2026-09-20T22:41:49.268-05:00  INFO 20320 --- [pulsepass] [           main] com.zaxxer.hikari.HikariDataSource       : HikariPool-1 - Start completed.
2026-09-20T22:41:49.341-05:00  INFO 20320 --- [pulsepass] [           main] org.hibernate.orm.jpa                    : HHH008540: Processing PersistenceUnitInfo [name: default]
2026-09-20T22:41:49.525-05:00  INFO 20320 --- [pulsepass] [           main] org.hibernate.orm.core                   : HHH000001: Hibernate ORM core version 7.4.5.Final
2026-09-20T22:41:50.670-05:00  INFO 20320 --- [pulsepass] [           main] o.s.o.j.p.SpringPersistenceUnitInfo      : No LoadTimeWeaver setup: ignoring JPA class transformer
2026-09-20T22:41:50.902-05:00  INFO 20320 --- [pulsepass] [           main] org.hibernate.orm.connections.pooling    : HHH10001005: Database info:
	Database JDBC URL [jdbc:postgresql://localhost:54572/test?loggerLevel=OFF]
	Database driver: PostgreSQL JDBC Driver
	Database dialect: PostgreSQLDialect
	Database version: 18.6
	Default catalog/schema: test/public
	Autocommit mode: undefined/unknown
	Isolation level: READ_COMMITTED [default READ_COMMITTED]
	JDBC fetch size: none
	Pool: DataSourceConnectionProvider
	Minimum pool size: undefined/unknown
	Maximum pool size: undefined/unknown
2026-09-20T22:41:53.077-05:00  INFO 20320 --- [pulsepass] [           main] org.hibernate.orm.core                   : HHH000489: No JTA platform available (set 'hibernate.transaction.jta.platform' to enable JTA platform integration)
2026-09-20T22:41:53.088-05:00  INFO 20320 --- [pulsepass] [           main] j.LocalContainerEntityManagerFactoryBean : Initialized JPA EntityManagerFactory for persistence unit 'default'
2026-09-20T22:41:53.355-05:00  INFO 20320 --- [pulsepass] [           main] o.s.d.j.r.query.QueryEnhancerFactories   : Hibernate is in classpath; If applicable, HQL parser will be used.
2026-09-20T22:41:55.918-05:00  INFO 20320 --- [pulsepass] [           main] c.p.p.PersistenceIntegrationTest         : Started PersistenceIntegrationTest in 17.884 seconds (process running for 20.463)
Mockito is currently self-attaching to enable the inline-mock-maker. This will no longer work in future releases of the JDK. Please add Mockito as an agent to your build as described in Mockito's documentation: https://javadoc.io/doc/org.mockito/mockito-core/latest/org.mockito/org/mockito/Mockito.html#0.3
Java HotSpot(TM) 64-Bit Server VM warning: Sharing is only supported for boot loader classes because bootstrap classpath has been appended
WARNING: A Java agent has been loaded dynamically (C:\Users\mendo\.m2\repository\net\bytebuddy\byte-buddy-agent\1.18.11\byte-buddy-agent-1.18.11.jar)
WARNING: If a serviceability tool is in use, please run with -XX:+EnableDynamicAgentLoading to hide this warning
WARNING: If a serviceability tool is not in use, please run with -Djdk.instrument.traceUsage for more information
WARNING: Dynamic loading of agents will be disallowed by default in a future release
2026-09-20T22:41:57.677-05:00  INFO 20320 --- [pulsepass] [           main] t.c.s.AnnotationConfigContextLoaderUtils : Could not detect default configuration classes for test class [com.pulsepass.pulsepass.PulsepassApplicationTests]: PulsepassApplicationTests does not declare any static, non-private, non-final, nested classes annotated with @Configuration.
2026-09-20T22:41:57.695-05:00  INFO 20320 --- [pulsepass] [           main] .b.t.c.SpringBootTestContextBootstrapper : Found @SpringBootConfiguration com.pulsepass.pulsepass.PulsepassApplication for test class com.pulsepass.pulsepass.PulsepassApplicationTests
2026-09-20T22:41:57.697-05:00  INFO 20320 --- [pulsepass] [           main] t.c.s.AnnotationConfigContextLoaderUtils : Could not detect default configuration classes for test class [com.pulsepass.pulsepass.PulsepassApplicationTests]: PulsepassApplicationTests does not declare any static, non-private, non-final, nested classes annotated with @Configuration.
2026-09-20T22:41:57.719-05:00  INFO 20320 --- [pulsepass] [           main] .b.t.c.SpringBootTestContextBootstrapper : Found @SpringBootConfiguration com.pulsepass.pulsepass.PulsepassApplication for test class com.pulsepass.pulsepass.PulsepassApplicationTests
2026-09-20T22:41:57.755-05:00  INFO 20320 --- [pulsepass] [           main] t.c.s.AnnotationConfigContextLoaderUtils : Could not detect default configuration classes for test class [com.pulsepass.pulsepass.PulsepassDomainModelTest]: PulsepassDomainModelTest does not declare any static, non-private, non-final, nested classes annotated with @Configuration.
2026-09-20T22:41:57.782-05:00  INFO 20320 --- [pulsepass] [           main] .b.t.c.SpringBootTestContextBootstrapper : Found @SpringBootConfiguration com.pulsepass.pulsepass.PulsepassApplication for test class com.pulsepass.pulsepass.PulsepassDomainModelTest
2026-09-20T22:41:57.790-05:00  INFO 20320 --- [pulsepass] [           main] t.c.s.AnnotationConfigContextLoaderUtils : Could not detect default configuration classes for test class [com.pulsepass.pulsepass.PulsepassDomainModelTest]: PulsepassDomainModelTest does not declare any static, non-private, non-final, nested classes annotated with @Configuration.
2026-09-20T22:41:57.817-05:00  INFO 20320 --- [pulsepass] [           main] .b.t.c.SpringBootTestContextBootstrapper : Found @SpringBootConfiguration com.pulsepass.pulsepass.PulsepassApplication for test class com.pulsepass.pulsepass.PulsepassDomainModelTest
